../Core/Src/main.c:92:6:Show_Stats	176	static
../Core/Src/main.c:137:10:Get_Time_us	4	static
../Core/Src/main.c:141:6:wait_us	24	static
../Core/Src/main.c:152:5:main	200	dynamic
../Core/Src/main.c:298:6:SystemClock_Config	88	static
../Core/Src/main.c:345:13:MX_ADC1_Init	24	static
../Core/Src/main.c:397:13:MX_SPI1_Init	8	static
../Core/Src/main.c:435:13:MX_SPI3_Init	8	static
../Core/Src/main.c:473:13:MX_TIM2_Init	32	static
../Core/Src/main.c:518:13:MX_USART3_UART_Init	8	static
../Core/Src/main.c:551:13:MX_USB_OTG_FS_PCD_Init	8	static
../Core/Src/main.c:586:13:MX_GPIO_Init	56	static
../Core/Src/main.c:682:6:HAL_GPIO_EXTI_Callback	16	static
../Core/Src/main.c:697:6:Error_Handler	4	static,ignoring_inline_asm
