../Core/Src/main.c:139:12:Get_Time_us	16	static
../Core/Src/main.c:81:5:main	184	dynamic
../Core/Src/main.c:196:6:SystemClock_Config	88	static
../Core/Src/main.c:243:13:MX_ADC1_Init	24	static
../Core/Src/main.c:295:13:MX_SPI1_Init	8	static
../Core/Src/main.c:333:13:MX_TIM2_Init	32	static
../Core/Src/main.c:378:13:MX_USART3_UART_Init	8	static
../Core/Src/main.c:411:13:MX_USB_OTG_FS_PCD_Init	8	static
../Core/Src/main.c:446:13:MX_GPIO_Init	56	static
../Core/Src/main.c:514:6:HAL_GPIO_EXTI_Callback	16	static
../Core/Src/main.c:518:6:LCR_Meter_Collect_Sample	4	static
../Core/Src/main.c:527:6:Error_Handler	4	static,ignoring_inline_asm
