../Core/Src/main.c:89:6:Show_Stats	2
../Core/Src/main.c:134:10:Get_Time_us	1
../Core/Src/main.c:138:6:wait_us	2
../Core/Src/main.c:149:5:main	5
../Core/Src/main.c:295:6:SystemClock_Config	3
../Core/Src/main.c:342:13:MX_ADC1_Init	3
../Core/Src/main.c:394:13:MX_SPI1_Init	2
../Core/Src/main.c:432:13:MX_SPI3_Init	2
../Core/Src/main.c:470:13:MX_TIM2_Init	4
../Core/Src/main.c:515:13:MX_USART3_UART_Init	2
../Core/Src/main.c:548:13:MX_USB_OTG_FS_PCD_Init	2
../Core/Src/main.c:583:13:MX_GPIO_Init	1
../Core/Src/main.c:679:6:HAL_GPIO_EXTI_Callback	2
../Core/Src/main.c:694:6:Error_Handler	1
