../Core/Src/main.c:89:6:Show_Stats	176	static
../Core/Src/main.c:134:10:Get_Time_us	4	static
../Core/Src/main.c:138:6:wait_us	24	static
../Core/Src/main.c:149:5:main	200	dynamic
../Core/Src/main.c:295:6:SystemClock_Config	88	static
../Core/Src/main.c:342:13:MX_ADC1_Init	24	static
../Core/Src/main.c:394:13:MX_SPI1_Init	8	static
../Core/Src/main.c:432:13:MX_SPI3_Init	8	static
../Core/Src/main.c:470:13:MX_TIM2_Init	32	static
../Core/Src/main.c:515:13:MX_USART3_UART_Init	8	static
../Core/Src/main.c:548:13:MX_USB_OTG_FS_PCD_Init	8	static
../Core/Src/main.c:583:13:MX_GPIO_Init	56	static
../Core/Src/main.c:679:6:HAL_GPIO_EXTI_Callback	16	static
../Core/Src/main.c:694:6:Error_Handler	4	static,ignoring_inline_asm
