../Core/Src/main.c:97:7:Get_Time_us	24	static
../Core/Src/main.c:103:6:wait_us	24	static
../Core/Src/main.c:108:6:ADC_START	8	static
../Core/Src/main.c:123:6:convert_to_double	48	static
../Core/Src/main.c:131:5:get_range	32	static
../Core/Src/main.c:159:5:set_range	16	static
../Core/Src/main.c:213:8:get_shunt_resistance	24	static
../Core/Src/main.c:230:8:get_amp_calibration	48	static
../Core/Src/main.c:256:8:get_phase_calibration	48	static
../Core/Src/main.c:281:5:auto_range	32	static
../Core/Src/main.c:303:6:Show_Stats	184	static
../Core/Src/main.c:359:5:main	216	dynamic
../Core/Src/main.c:499:6:SystemClock_Config	88	static
../Core/Src/main.c:546:13:MX_ADC1_Init	24	static
../Core/Src/main.c:598:13:MX_ADC2_Init	24	static
../Core/Src/main.c:650:13:MX_SPI1_Init	8	static
../Core/Src/main.c:688:13:MX_SPI3_Init	8	static
../Core/Src/main.c:726:13:MX_TIM2_Init	32	static
../Core/Src/main.c:771:13:MX_TIM3_Init	32	static
../Core/Src/main.c:814:13:MX_DMA_Init	16	static
../Core/Src/main.c:835:13:MX_GPIO_Init	48	static
../Core/Src/main.c:895:6:HAL_GPIO_EXTI_Callback	16	static
../Core/Src/main.c:904:6:HAL_ADC_ConvCpltCallback	16	static
../Core/Src/main.c:914:6:HAL_TIM_PeriodElapsedCallback	16	static
../Core/Src/main.c:930:6:Error_Handler	4	static,ignoring_inline_asm
