../Core/Src/main.c:96:7:Get_Time_us	24	static
../Core/Src/main.c:102:6:wait_us	24	static
../Core/Src/main.c:107:7:ADC_START	24	static
../Core/Src/main.c:120:6:convert_to_float	40	static
../Core/Src/main.c:132:7:CH0_STM	16	static
../Core/Src/main.c:141:7:CH1_STM	16	static
../Core/Src/main.c:150:6:Show_Stats	176	static
../Core/Src/main.c:201:5:main	136	dynamic
../Core/Src/main.c:352:6:SystemClock_Config	88	static
../Core/Src/main.c:399:13:MX_ADC1_Init	24	static
../Core/Src/main.c:451:13:MX_ADC2_Init	24	static
../Core/Src/main.c:503:13:MX_SPI1_Init	8	static
../Core/Src/main.c:541:13:MX_SPI3_Init	8	static
../Core/Src/main.c:579:13:MX_TIM2_Init	32	static
../Core/Src/main.c:622:13:MX_DMA_Init	16	static
../Core/Src/main.c:643:13:MX_GPIO_Init	48	static
../Core/Src/main.c:699:6:HAL_GPIO_EXTI_Callback	16	static
../Core/Src/main.c:707:6:HAL_ADC_ConvCpltCallback	16	static
../Core/Src/main.c:724:6:Error_Handler	4	static,ignoring_inline_asm
